Creating test database for alias 'default' ('file:memorydb_default?mode=memory&cache=shared')...
Found 6 test(s).
Operations to perform:
  Synchronize unmigrated apps: channels, daphne, messages, staticfiles
  Apply all migrations: admin, auth, contenttypes, gestione_aste, sessions
Synchronizing apps without migrations:
  Creating tables...
    Running deferred SQL...
Running migrations:
  Applying contenttypes.0001_initial... OK
  Applying auth.0001_initial... OK
  Applying admin.0001_initial... OK
  Applying admin.0002_logentry_remove_auto_add... OK
  Applying admin.0003_logentry_add_action_flag_choices... OK
  Applying contenttypes.0002_remove_content_type_name... OK
  Applying auth.0002_alter_permission_name_max_length... OK
  Applying auth.0003_alter_user_email_max_length... OK
  Applying auth.0004_alter_user_username_opts... OK
  Applying auth.0005_alter_user_last_login_null... OK
  Applying auth.0006_require_contenttypes_0002... OK
  Applying auth.0007_alter_validators_add_error_messages... OK
  Applying auth.0008_alter_user_username_max_length... OK
  Applying auth.0009_alter_user_last_name_max_length... OK
  Applying auth.0010_alter_group_name_max_length... OK
  Applying auth.0011_update_proxy_permissions... OK
  Applying auth.0012_alter_user_first_name_max_length... OK
  Applying gestione_aste.0001_initial... OK
  Applying gestione_aste.0002_asta_data_creazione_asta_prezzo_iniziale... OK
  Applying gestione_aste.0003_rename_imagine_asta_immagine... OK
  Applying gestione_aste.0004_alter_offerta_data_offerta... OK
  Applying gestione_aste.0005_categoria... OK
  Applying gestione_aste.0006_asta_categoria... OK
  Applying gestione_aste.0007_asta_prezzo_corrente... OK
  Applying gestione_aste.0008_alter_asta_prezzo_corrente... OK
  Applying gestione_aste.0009_asta_preferiti_alter_asta_prezzo_corrente... OK
  Applying gestione_aste.0010_recensione... OK
  Applying gestione_aste.0011_recensione_asta... OK
  Applying gestione_aste.0012_messaggio... OK
  Applying gestione_aste.0013_messaggio_asta... OK
  Applying sessions.0001_initial...test_asta_vinte_visualizzata (gestione_aste.tests.AreaPersonaleTest) ... FAIL
test_asta_creata_correttamente (gestione_aste.tests.AstaModelTest) ... ok
test_creazione_asta_con_immagine (gestione_aste.tests.AstaModelTest) ... ok
test_creazione_asta_loggato (gestione_aste.tests.AstaModelTest) ... ok
test_protezione_vista_nuova_asta_non_loggato (gestione_aste.tests.AstaModelTest) ... ok
test_registrazione_nuovo_utente (gestione_aste.tests.AstaModelTest) ... ok

======================================================================
FAIL: test_asta_vinte_visualizzata (gestione_aste.tests.AreaPersonaleTest)
----------------------------------------------------------------------
Traceback (most recent call last):
  File "/home/kguek/DEV UNI/aste_online/gestione_aste/tests.py", line 119, in test_asta_vinte_visualizzata
    self.assertContains(response, "Ti sei aggiudicato l'oggetto per:")
AssertionError: False is not true : Couldn't find 'Ti sei aggiudicato l'oggetto per:' in the following response
b'<!DOCTYPE html>\n<html lang="it">\n\n<head>\n    <meta charset="utf-8" />\n    <meta content="width=device-width, initial-scale=1.0" name="viewport" />\n    <title>Gestione Aste - aste_online</title>\n    <script src="https://cdn.tailwindcss.com?plugins=forms,container-queries"></script>\n    <link\n        href="https://fonts.googleapis.com/css2?family=Manrope:wght@400;500;700;800&family=Inter:wght@400;500;600;700&display=swap"\n        rel="stylesheet" />\n    <link\n        href="https://fonts.googleapis.com/css2?family=Material+Symbols+Outlined:wght,FILL@100..700,0..1&display=swap"\n        rel="stylesheet" />\n    <script id="tailwind-config">\n        tailwind.config = {\n            darkMode: "class",\n            theme: {\n                extend: {\n                    "colors": {\n                        "error": "#ba1a1a",\n                        "surface-container-high": "#e8e8e8",\n                        "on-tertiary": "#ffffff",\n                        "on-primary-container": "#ff828a",\n                        "on-tertiary-fixed": "#001f26",\n                        "primary": "#570013",\n                        "on-secondary": "#ffffff",\n                        "secondary-fixed-dim": "#ffb3b5",\n                        "surface-container": "#eeeeee",\n                        "secondary": "#90494d",\n                        "on-primary-fixed-variant": "#8e0f28",\n                        "on-background": "#1a1c1c",\n                        "on-secondary-fixed": "#3b070e",\n                        "background": "#f9f9f9",\n                        "surface-tint": "#af2b3e",\n                        "secondary-fixed": "#ffdada",\n                        "on-error-container": "#93000a",\n                        "on-surface-variant": "#584141",\n                        "inverse-primary": "#ffb3b5",\n                        "surface-variant": "#e2e2e2",\n                        "on-error": "#ffffff",\n                        "tertiary-container": "#004451",\n                        "error-container": "#ffdad6",\n                        "on-secondary-container": "#79363b",\n                        "surface-container-highest": "#e2e2e2",\n                        "surface": "#f9f9f9",\n                        "tertiary": "#002c36",\n                        "on-tertiary-container": "#7cb0c0",\n                        "primary-fixed-dim": "#ffb3b5",\n                        "on-secondary-fixed-variant": "#743237",\n                        "secondary-container": "#fda3a6",\n                        "surface-dim": "#dadada",\n                        "outline-variant": "#e0bfbf",\n                        "tertiary-fixed-dim": "#9acfde",\n                        "surface-bright": "#f9f9f9",\n                        "surface-container-low": "#f3f3f3",\n                        "inverse-on-surface": "#f1f1f1",\n                        "primary-fixed": "#ffdada",\n                        "primary-container": "#800020",\n                        "on-surface": "#1a1c1c",\n                        "surface-container-lowest": "#ffffff",\n                        "on-primary": "#ffffff",\n                        "on-primary-fixed": "#40000b",\n                        "inverse-surface": "#2f3131",\n                        "outline": "#8c7071",\n                        "tertiary-fixed": "#b6ebfb",\n                        "on-tertiary-fixed-variant": "#114d5b"\n                    },\n                    "borderRadius": {\n                        "DEFAULT": "0.125rem",\n                        "lg": "0.25rem",\n                        "xl": "0.5rem",\n                        "full": "0.75rem"\n                    },\n                    "spacing": {},\n                    "fontFamily": {\n                        "headline": [\n                            "Manrope"\n                        ],\n                        "body": [\n                            "Inter"\n                        ],\n                        "label": [\n                            "Inter"\n                        ]\n                    }\n                },\n            },\n        }\n    </script>\n</head>\n\n<body\n    class="bg-surface text-on-surface font-body antialiased selection:bg-primary-container selection:text-white min-h-screen flex flex-col">\n    <!-- TopNavBar -->\n    <nav class="bg-white dark:bg-zinc-950 docked full-width top-0 w-full z-50 bg-[#f3f3f3] dark:bg-zinc-900 flat no shadows border-none sticky">\n        <div class="flex justify-between items-center w-full px-8 py-4 max-w-screen-2xl mx-auto">\n            <!-- Brand -->\n            <a class="font-[\'Manrope\'] text-2xl font-extrabold tracking-tighter text-[#800020] dark:text-white uppercase flex items-center gap-2 scale-95 duration-200 ease-in-out"\n                href="/">\n                <span>aste_online</span>\n            </a>\n            <!-- Navigation Links (Web) -->\n            <div class="hidden md:flex items-center gap-8 font-[\'Manrope\'] text-sm tracking-tight font-medium">\n                <a class="text-[#800020] dark:text-red-400 font-bold border-b-2 border-[#800020] pb-1 hover:bg-zinc-50 dark:hover:bg-zinc-800 transition-all duration-300 scale-95 duration-200 ease-in-out"\n                    href="/">Home</a>\n                \n                <a class="text-zinc-600 dark:text-zinc-400 hover:text-[#800020] transition-colors hover:bg-zinc-50 dark:hover:bg-zinc-800 transition-all duration-300 scale-95 duration-200 ease-in-out"\n                    href="/asta-nuova/">Insert Auction</a>\n                <a class="text-zinc-600 dark:text-zinc-400 hover:text-[#800020] transition-colors hover:bg-zinc-50 dark:hover:bg-zinc-800 transition-all duration-300 scale-95 duration-200 ease-in-out"\n                    href="/area-personale/">Personal Area</a>\n                <a class="text-zinc-600 dark:text-zinc-400 hover:text-[#800020] transition-colors hover:bg-zinc-50 dark:hover:bg-zinc-800 transition-all duration-300 scale-95 duration-200 ease-in-out"\n                    href="/inbox/">Messages</a>\n                <a class="text-zinc-600 dark:text-zinc-400 hover:text-[#800020] transition-colors hover:bg-zinc-50 dark:hover:bg-zinc-800 transition-all duration-300 scale-95 duration-200 ease-in-out"\n                    href="/i-miei-preferiti/">Wishlist</a>\n                \n            </div>\n            <!-- Actions (Search, Login, Logout) -->\n            <div class="flex items-center gap-6">\n                <!-- Search Icon (fallback) -->\n                <a href="/"\n                    class="text-[#800020] dark:text-red-400 hover:bg-zinc-50 dark:hover:bg-zinc-800 transition-all duration-300 scale-95 duration-200 ease-in-out p-2 rounded-full">\n                    <span class="material-symbols-outlined" data-icon="search">search</span>\n                </a>\n                <div class="hidden sm:flex items-center gap-4 font-[\'Manrope\'] text-sm tracking-tight font-medium">\n                    \n                        <span class="text-zinc-600 dark:text-zinc-400">Ciao, <strong>acquirente</strong></span>\n                        <form action="/accounts/logout/" method="post" style="display: inline;">\n                            <input type="hidden" name="csrfmiddlewaretoken" value="0ZGDdx6QhXczw0Q9KCcHha24l11PSNPqO6TmpZCOTVMbcHMDJ98Qr5YswvLUQ6ro">\n                            <button type="submit" class="text-[#800020] dark:text-red-400 font-semibold scale-95 duration-200 ease-in-out">\n                                Logout\n                            </button>\n                        </form>\n                    \n                </div>\n            </div>\n        </div>\n    </nav>\n    <!-- Main Content Area -->\n    <main class="flex-grow flex flex-col pt-8 pb-12 w-full max-w-screen-2xl mx-auto px-8">\n        \n<div class="w-full flex flex-col gap-12">\n    <!-- User Profile Header & Stats (Bento-style) -->\n    <section class="grid grid-cols-1 md:grid-cols-3 gap-6">\n        <!-- Profile Card -->\n        <div class="col-span-1 md:col-span-2 bg-surface-container-lowest rounded-xl p-8 flex flex-col md:flex-row items-center md:items-start gap-8 shadow-[0_24px_48px_-12px_rgba(26,28,28,0.06)] relative overflow-hidden">\n            <div class="absolute top-0 left-0 w-2 h-full bg-primary-container"></div>\n            <div class="w-32 h-32 rounded-full shadow-md border-4 border-surface bg-surface-container-high flex items-center justify-center flex-shrink-0">\n                <span class="material-symbols-outlined text-6xl text-primary-container">person</span>\n            </div>\n            \n            <div class="flex flex-col flex-grow text-center md:text-left">\n                <h1 class="text-4xl font-headline font-bold text-on-surface mb-2">acquirente</h1>\n                <p class="text-on-surface-variant font-body text-sm mb-4">Membro dal 2026</p>\n                <div class="flex flex-wrap justify-center md:justify-start gap-6 mt-auto">\n                    <div>\n                        <p class="text-xs font-label text-on-surface-variant uppercase tracking-wider mb-1">Aste Create</p>\n                        <p class="text-2xl font-headline font-semibold text-primary-container">0</p>\n                    </div>\n                    <div class="w-px h-10 bg-surface-variant hidden md:block"></div>\n                    <div>\n                        <p class="text-xs font-label text-on-surface-variant uppercase tracking-wider mb-1">Aste Attive</p>\n                        <p class="text-2xl font-headline font-semibold text-primary-container">0</p>\n                    </div>\n                </div>\n            </div>\n        </div>\n\n        <!-- Reputation Card -->\n        <div class="col-span-1 bg-surface-container-low rounded-xl p-8 flex flex-col justify-center items-center text-center">\n            <h2 class="text-sm font-label text-on-surface-variant uppercase tracking-widest mb-4">Reputazione Venditore</h2>\n            <div class="flex items-center gap-2 mb-2 text-primary-container">\n                <span class="material-symbols-outlined text-4xl" style="font-variation-settings: \'FILL\' 1;">star</span>\n            </div>\n            <p class="text-3xl font-headline font-bold text-on-surface">0 <span class="text-lg font-normal text-on-surface-variant">/ 5.0</span></p>\n            <a href="/venditore/2/" class="text-sm font-body text-on-surface-variant mt-2 underline decoration-surface-variant underline-offset-4 cursor-pointer hover:text-primary transition-colors">Basato su 0 Recensioni</a>\n        </div>\n    </section>\n\n    <!-- Your Auctions for Sale (Live) -->\n    <section>\n        <div class="flex justify-between items-end mb-6">\n            <div>\n                <h2 class="text-3xl font-headline font-bold text-on-surface">Le Tue Aste Attive</h2>\n                <p class="text-sm font-body text-on-surface-variant mt-1">Gli oggetti che stai attualmente vendendo.</p>\n            </div>\n        </div>\n        \n        <div class="grid grid-cols-1 md:grid-cols-2 lg:grid-cols-3 gap-8">\n            \n            <div class="col-span-1 md:col-span-2 lg:col-span-3 text-center py-10 bg-surface-container-lowest rounded-xl border border-outline-variant/15">\n                <span class="material-symbols-outlined text-surface-dim text-5xl mb-2">inbox</span>\n                <p class="text-on-surface-variant font-medium">Non hai aste attive al momento.</p>\n                <a href="/asta-nuova/" class="text-primary-container font-semibold text-sm mt-2 inline-block hover:underline">Inserisci una nuova asta</a>\n            </div>\n            \n        </div>\n    </section>\n\n    <!-- Asymmetric Split Section: Won vs Closed -->\n    <div class="grid grid-cols-1 lg:grid-cols-12 gap-12">\n        \n        <!-- Auctions Won (Left - wider) -->\n        <section class="lg:col-span-7 flex flex-col gap-6">\n            <div>\n                <h2 class="text-2xl font-headline font-bold text-on-surface border-b-2 border-surface-container-high pb-4">Aste Vinte</h2>\n            </div>\n            \n            <div class="flex flex-col gap-4">\n                \n                <div class="bg-surface-container-lowest p-4 rounded-xl flex flex-col sm:flex-row sm:items-center gap-6 group hover:bg-surface-container-low transition-colors shadow-sm border border-outline-variant/15">\n                    <a href="/asta/1/" class="w-full sm:w-24 h-48 sm:h-24 rounded-lg overflow-hidden bg-surface-container block flex-shrink-0">\n                        \n                        <div class="w-full h-full flex items-center justify-center">\n                            <span class="material-symbols-outlined text-surface-variant">image</span>\n                        </div>\n                        \n                    </a>\n                    \n                    <div class="flex-grow">\n                        <h4 class="font-headline font-semibold text-lg text-on-surface"><a href="/asta/1/">Asta Vinta</a></h4>\n                        <p class="text-sm font-body text-on-surface-variant mb-2">Venditore: venditore</p>\n                        \n                        <a href="/asta/1/recensione/" class="inline-flex items-center gap-1 text-xs font-label font-medium text-primary-container hover:text-primary transition-colors underline underline-offset-4">\n                            <span class="material-symbols-outlined text-sm">rate_review</span> Lascia una Recensione al Venditore\n                        </a>\n                    </div>\n                    \n                    <div class="bg-surface rounded-md border border-outline-variant/15 text-center p-3 h-full flex flex-col justify-center">\n                        <span class="text-xs text-on-surface-variant font-label uppercase">Pagato</span>\n                        <span class="font-bold text-primary-container text-xl">50,00 \xe2\x82\xac</span>\n                    </div>\n                </div>\n                \n            </div>\n        </section>\n\n        <!-- Closed Auctions (Right - narrower) -->\n        <section class="lg:col-span-5 flex flex-col gap-6">\n            <div>\n                <h2 class="text-2xl font-headline font-bold text-on-surface border-b-2 border-surface-container-high pb-4">Tue Aste Concluse (Vendite)</h2>\n            </div>\n            <div class="flex flex-col gap-4">\n                \n                <div class="bg-surface-container-lowest p-6 rounded-xl text-center border border-outline-variant/15">\n                    <p class="text-on-surface-variant font-medium text-sm">Non hai ancora aste concluse.</p>\n                </div>\n                \n            </div>\n        </section>\n        \n    </div>\n</div>\n\n    </main>\n    <!-- Footer -->\n    <footer\n        class="bg-[#f3f3f3] dark:bg-zinc-900 full-width py-12 tonal shift from surface to surface-container-low flat no shadows mt-auto">\n        <div\n            class="flex flex-col md:flex-row justify-between items-center w-full px-12 border-t border-transparent max-w-screen-2xl mx-auto">\n            <!-- Brand/Copyright -->\n            <div class="mb-6 md:mb-0 flex flex-col items-center md:items-start">\n                <span class="font-[\'Manrope\'] font-bold text-[#800020] text-lg mb-2">aste_online</span>\n                <span class="font-[\'Inter\'] text-xs uppercase tracking-widest text-[#800020] dark:text-red-400">\xc2\xa9 2024\n                    aste_online. The Curated Gallery.</span>\n            </div>\n            <!-- Footer Links -->\n            <div class="flex flex-wrap justify-center gap-6 font-[\'Inter\'] text-xs uppercase tracking-widest">\n                <a class="text-zinc-500 dark:text-zinc-500 hover:text-[#800020] dark:hover:text-red-300 underline underline-offset-4 opacity-80 hover:opacity-100 transition-opacity"\n                    href="#">Terms of Service</a>\n                <a class="text-zinc-500 dark:text-zinc-500 hover:text-[#800020] dark:hover:text-red-300 underline underline-offset-4 opacity-80 hover:opacity-100 transition-opacity"\n                    href="#">Privacy Policy</a>\n                <a class="text-zinc-500 dark:text-zinc-500 hover:text-[#800020] dark:hover:text-red-300 underline underline-offset-4 opacity-80 hover:opacity-100 transition-opacity"\n                    href="#">Auction Rules</a>\n                <a class="text-zinc-500 dark:text-zinc-500 hover:text-[#800020] dark:hover:text-red-300 underline underline-offset-4 opacity-80 hover:opacity-100 transition-opacity"\n                    href="#">Help Center</a>\n            </div>\n        </div>\n    </footer>\n</body>\n\n</html>'

----------------------------------------------------------------------
Ran 6 tests in 2.173s

FAILED (failures=1)
Destroying test database for alias 'default' ('file:memorydb_default?mode=memory&cache=shared')...
 OK
System check identified no issues (0 silenced).
